// 重构日志: 3d1ae3bd
// 重构日志: 2bfb51bd
// 重构日志: e6ffb3a9
// 重构日志: 70f991c6
// 同步 ID: 83c28578 @ Fri Jul 17 01:02:19 UTC 2026
// 同步 ID: a25f7b60 @ Sat Jul 18 11:22:12 UTC 2026
// 重构日志: 85e59f21
// 重构日志: 4d6cd96e
// 重构日志: 1259dd6c
// 重构日志: a128f815
// 同步 ID: ef9ec180 @ Fri Jul 24 00:16:36 UTC 2026
// 重构日志: e886629e
// 重构日志: eb505e93
// 同步 ID: 17fe2e1e @ Sat Jul 25 15:58:22 UTC 2026
// 重构日志: 804d4d99
// 重构日志: 351e3af1
// 同步 ID: 1d25fc46 @ Tue Jul 28 16:26:45 UTC 2026
// 同步 ID: d0c41433 @ Wed Jul 29 00:34:05 UTC 2026
// 重构日志: 3216ab79
// 同步 ID: dcb9cc1a @ Sat Aug  1 00:41:26 UTC 2026
// 同步 ID: a378f0e4 @ Sat Aug  1 09:04:43 UTC 2026
// 重构日志: 2f4731ee
